Microsoft Windows [Version 10.0.18363.418]
(c) 2019 Microsoft Corporation. All rights reserved.

C:\xampp\htdocs\git hub testing>gir init
'gir' is not recognized as an internal or external command,
operable program or batch file.

C:\xampp\htdocs\git hub testing>git add .

C:\xampp\htdocs\git hub testing>git commit -m "my first github project"
On branch master
nothing to commit, working tree clean

C:\xampp\htdocs\git hub testing>git status
On branch master
nothing to commit, working tree clean

C:\xampp\htdocs\git hub testing>git add .

C:\xampp\htdocs\git hub testing>git commit -m "github project"
On branch master
nothing to commit, working tree clean

C:\xampp\htdocs\git hub testing>git remote add origin https://github.com/HassanMughal000/Hassan-.git

C:\xampp\htdocs\git hub testing>git branch -M main

C:\xampp\htdocs\git hub testing>git push -u origin main
info: please complete authentication in your browser...
Enumerating objects: 4, done.
Counting objects: 100% (4/4), done.
Delta compression using up to 4 threads
Compressing objects: 100% (4/4), done.
Writing objects: 100% (4/4), 440 bytes | 440.00 KiB/s, done.
Total 4 (delta 0), reused 0 (delta 0), pack-reused 0
To https://github.com/HassanMughal000/Hassan-.git
 * [new branch]      main -> main
branch 'main' set up to track 'origin/main'.

C:\xampp\htdocs\git hub testing>